{smcl}
{txt}{sf}{ul off}{.-}
      name:  {res}<unnamed>
       {txt}log:  {res}c:\ado\ian\siman\Ian\errors_survmiss.smcl
  {txt}log type:  {res}smcl
 {txt}opened on:  {res} 3 Mar 2022, 11:56:18
{txt}
{com}. /*
> Demonstrate errors using estimates data from survmiss study
> The data are "wide-wide"
> Data come from "N:\Home\MI\ICE\survmiss\sim\bvsim_all_out.dta" wth chars removed
> errors_survmiss.do
> IW 3mar2022
> */
. 
. local dgm n truebeta truegamma corr mdm 
{txt}
{com}. use survmiss_bvsim_all_out, clear
{txt}
{com}. rename (beta*) (estbeta*)
{res}{txt}
{com}. rename (gamma*) (estgamma*)
{res}{txt}
{com}. cap noi siman setup, rep(_dnum) dgm(`dgm') target(beta_ gamma_) method(1 2 3 4 5 6 7 8 9 10) estimate(est) se(se) true(true)
{err}siman would like to name a variable 'pm', but that name already exists in your dataset.  Please rename your variable pm as something else.
{txt}
{com}. * strange error message
. rename pmcar _pmcar
{res}{txt}
{com}. cap noi siman setup, rep(_dnum) dgm(`dgm') target(beta_ gamma_) method(1 2 3 4 5 6 7 8 9 10) estimate(est) se(se) true(true) order(target)
{bf}{err}true{sf} ambiguous abbreviation
{txt}
{com}. * above should be the syntax for true, but isn't
. * command seems to have failed, but it's left stuff behind:
. siman desc

{txt}{col 20}SUMMARY OF DATA
_____________________________________________________

The import format is:{res}{col 35}format 2: wide-wide
{txt}The import format for targets is:{res}{col 35}wide
{txt}The import format for methods is:{res}{col 35}wide
{txt}The number of targets is:{res}{col 35}2
{txt}The target values are:{res}{col 35}beta" " " "gamma

{txt}The number of methods is:{res}{col 35}10
{txt}The method values are:{res}{col 35}1 2 3 4 5 6 7 8 9 10

{txt}Data generating mechanism (dgm): {res}{col 35}n truebeta truegamma corr mdm
{txt}The number of dgms is: {res}{col 35}2

Estimates are contained in the dataset

{txt}The estimates stub is:{res}{col 35}est
{txt}The se stub is:{res}{col 35}se
{txt}The df stub is:{res}{col 35}N/A
{txt}The ci stubs are:{res}{col 35}N/A
{txt}The p stub is:{res}{col 35}N/A
{txt}The true-value variable is:{res}{col 35}true
{txt}_____________________________________________________

{com}. cap noi siman analyse
{txt}c:\ado\ian\siman\simsumv2.ado
{res}*! version 0.19 Ian White 8jan2020
{err}variable {bf}beta_{sf} not found
{txt}
{com}. 
. 
. * 2nd attempt, with true as current syntax requires
. local dgm n truebeta truegamma corr mdm 
{txt}
{com}. use survmiss_bvsim_all_out, clear
{txt}
{com}. rename (beta*) (estbeta*)
{res}{txt}
{com}. rename (gamma*) (estgamma*)
{res}{txt}
{com}. rename pmcar _pmcar
{res}{txt}
{com}. forvalues i=1/10 {c -(}
{txt}  2{com}.         gen truebeta_`i'=truebeta
{txt}  3{com}.         gen truegamma_`i'=truegamma
{txt}  4{com}. {c )-}
{txt}
{com}. cap noi siman setup, rep(_dnum) dgm(`dgm') target(beta_ gamma_) method(1 2 3 4 5 6 7 8 9 10) estimate(est) se(se) true(true) order(target)
{err}cannot {bf:reshape} data containing variable {bf:_merge}
{p 4 4 2}
Either {bf:drop} or {bf:rename}
variable {bf:_merge}.
{p_end}
{txt}
{com}. siman des

{txt}{col 20}SUMMARY OF DATA
_____________________________________________________

The import format is:{res}{col 35}format 2: wide-wide
{txt}The import format for targets is:{res}{col 35}wide
{txt}The import format for methods is:{res}{col 35}wide
{txt}The number of targets is:{res}{col 35}2
{txt}The target values are:{res}{col 35}beta" " " "gamma

{txt}The number of methods is:{res}{col 35}10
{txt}The method values are:{res}{col 35}1 2 3 4 5 6 7 8 9 10

{txt}Data generating mechanism (dgm): {res}{col 35}n truebeta truegamma corr mdm
{txt}The number of dgms is: {res}{col 35}2

Estimates are contained in the dataset

{txt}The estimates stub is:{res}{col 35}est
{txt}The se stub is:{res}{col 35}se
{txt}The df stub is:{res}{col 35}N/A
{txt}The ci stubs are:{res}{col 35}N/A
{txt}The p stub is:{res}{col 35}N/A
{txt}The true-value stub is:{res}{col 35}true
{txt}_____________________________________________________

{com}. 
{txt}end of do-file
      name:  {res}<unnamed>
       {txt}log:  {res}c:\ado\ian\siman\Ian\errors_survmiss.smcl
  {txt}log type:  {res}smcl
 {txt}closed on:  {res} 3 Mar 2022, 11:56:36
{txt}{.-}
{smcl}
{txt}{sf}{ul off}