{smcl}
{com}{sf}{ul off}{txt}{.-}
      name:  {res}<unnamed>
       {txt}log:  {res}C:\ado\ian\siman\Ian\siman_table_problems.smcl
  {txt}log type:  {res}smcl
 {txt}opened on:  {res}28 Feb 2022, 19:06:14
{txt}
{com}. // Illustration of some problems with siman table
. // siman_table_problems.do
. // IW 28feb2022
. 
. siman which 
{txt}c:\ado\ian\siman\siman.ado
{res}*! version 0.1
{txt}c:\ado\ian\siman\siman_setup.ado
{res}*!  version 0.3    06jan2021    EMZ changes from IW testing
{txt}c:\ado\ian\siman\siman_describe.ado
{res}*! version 0.2   06jan2021     EMZ changes
{txt}c:\ado\ian\siman\siman_analyse.ado
{res}*!  version 0.2  23June2020   IW change: added in notable option
*!  version 0.1  08June2020   Ella Marley-Zagar, MRC Clinical Trials Unit at UCL
{txt}c:\ado\ian\siman\siman_table.ado
{res}*! version 0.4   06dec2021     EMZ changes to the ordering of performance measures in the table (from TM testing).  Allowed subset of perf measures to be *                                  selected for the table display.
{txt}c:\ado\ian\siman\siman_reshape.ado
{res}*!  version 0.1   08June2020    Ella Marley-Zagar, MRC Clinical Trials Unit at UCL
{txt}c:\ado\ian\siman\siman_lollyplot.ado
{res}*! version 1.1   10jan2021   EMZ updates from IW testing (bug fix).
{txt}c:\ado\ian\siman\siman_zipplot.ado
{res}*! version 1.2   06jan2021   EMZ updates from IW testing (bug fixes)
{txt}c:\ado\ian\siman\siman_comparemethodsscatter.ado
{res}*! version 1.1   06dec2021    EMZ changes (bug fix)
{txt}c:\ado\ian\siman\siman_blandaltman.ado
{res}*! version 1.1   6jan2021    EMZ updates from IW testing (bug fixes)
{txt}c:\ado\ian\siman\siman_swarm.ado
{res}*! version 1.2   06dec2021    EMZ changes (bug fix)
{txt}c:\ado\ian\siman\siman_scatter.ado
{res}*!  version 1.0   9Dec2019    Ella Marley-Zagar, MRC Clinical Trials Unit at UCL. Based on Tim Morris' simulation tutorial do file.
{txt}c:\ado\ian\siman\siman_nestloop.ado
{res}*! version 1.3   10jan2021    EMZ updates from IW testing.
{txt}c:\ado\ian\siman\siman_trellis.ado
{res}*! version 1.3    06jan2021    EMZ updates from IW testing.
{txt}
{com}. 
. // 3 methods: get table format 1
. use http://www.homepages.ucl.ac.uk/~rmjwiww/stata/misc/MIsim, clear
{txt}(simsum example: data from a simulation study comparing 3 ways to handle missing )

{com}. rename dataset myrep
{res}{txt}
{com}. siman setup, rep(myrep) method(method) est(b) se(se)

{txt}{col 20}SUMMARY OF DATA
_____________________________________________________

The import format is:{res}{col 35}format 1: long-long
{txt}The import format for targets is:{res}{col 35}long
{txt}The import format for methods is:{res}{col 35}long
{txt}The number of targets is:{res}{col 35}N/A
{txt}The target values are:{res}{col 35}N/A

{txt}The number of methods is:{res}{col 35}3
{txt}The method values are:{res}{col 35}CC MI_LOGT MI_T

{txt}Data generating mechanism (dgm): {res}{col 35}not in dataset
{txt}The number of dgms is: {res}{col 35}N/A

Estimates are contained in the dataset

{txt}The estimates variable is:{res}{col 35}b
{txt}The se variable is:{res}{col 35}se
{txt}The df variable is:{res}{col 35}N/A
{txt}The ci variables are:{res}{col 35}N/A
{txt}The p variable is:{res}{col 35}N/A
{txt}The true-value variable is:{res}{col 35}N/A
{txt}_____________________________________________________

{com}. siman analyse
{txt}c:\ado\ian\siman\simsumv2.ado
{res}*! version 0.19 Ian White 8jan2020
Factors: 
{com}tabdisp  method  , by( perfmeascodeorder) c(b se) stubwidth(20)

{txt}{hline 21}{c TT}{hline 23}
performance measure  {c |}
and method           {c |}          b          se
{hline 21}{c +}{hline 23}
bsims                {c |}
                  CC {c |}       {res}1000            
             {txt}MI_LOGT {c |}       {res}1000            
                {txt}MI_T {c |}       {res}1000            
{txt}{hline 21}{c +}{hline 23}
sesims               {c |}
                  CC {c |}       {res}1000            
             {txt}MI_LOGT {c |}       {res}1000            
                {txt}MI_T {c |}       {res}1000            
{txt}{hline 21}{c +}{hline 23}
empse                {c |}
                  CC {c |}    {res}.151115    .0033807
             {txt}MI_LOGT {c |}   {res}.1320064    .0029532
                {txt}MI_T {c |}   {res}.1344277    .0030074
{txt}{hline 21}{c +}{hline 23}
relprec              {c |}
                  CC {c |}           {res}            
             {txt}MI_LOGT {c |}   {res}31.04635    3.937473
                {txt}MI_T {c |}   {res}26.36818     3.84238
{txt}{hline 21}{c +}{hline 23}
modelse              {c |}
                  CC {c |}   {res}.1470963    .0005274
             {txt}MI_LOGT {c |}   {res}.1349413    .0006046
                {txt}MI_T {c |}   {res}.1338346    .0005856
{txt}{hline 21}{c +}{hline 23}
relerror             {c |}
                  CC {c |}  {res}-2.659391    2.205482
             {txt}MI_LOGT {c |}   {res}2.223258    2.332338
                {txt}MI_T {c |}   {res}-.441223    2.269522
{txt}{hline 21}{c +}{hline 23}
power                {c |}
                  CC {c |}       {res}94.6    .7147308
             {txt}MI_LOGT {c |}       {res}96.9    .5480784
                {txt}MI_T {c |}       {res}96.3    .5969169
{txt}{hline 21}{c +}{hline 23}
mean                 {c |}
                  CC {c |}   {res}.5167662    .0047787
             {txt}MI_LOGT {c |}   {res}.5009231    .0041744
                {txt}MI_T {c |}   {res}.4988092     .004251
{txt}{hline 21}{c +}{hline 23}
ciwidth              {c |}
                  CC {c |}   {res}.5730629    .0020195
             {txt}MI_LOGT {c |}   {res}.5241634    .0022487
                {txt}MI_T {c |}   {res}.5201368    .0021658
{txt}{hline 21}{c BT}{hline 23}
{it: NOTE: Where there are 2 entries in the table, }
{it: the first entry is standard error and }
{it: the second entry is monte carlo error.}

{com}. 
. // 3 methods and 1 DGM: get table format 1
. use http://www.homepages.ucl.ac.uk/~rmjwiww/stata/misc/MIsim, clear
{txt}(simsum example: data from a simulation study comparing 3 ways to handle missing )

{com}. rename dataset myrep
{res}{txt}
{com}. gen dgm=1
{txt}
{com}. siman setup, rep(myrep) method(method) est(b) se(se) dgm(dgm)

{txt}{col 20}SUMMARY OF DATA
_____________________________________________________

The import format is:{res}{col 35}format 1: long-long
{txt}The import format for targets is:{res}{col 35}long
{txt}The import format for methods is:{res}{col 35}long
{txt}The number of targets is:{res}{col 35}N/A
{txt}The target values are:{res}{col 35}N/A

{txt}The number of methods is:{res}{col 35}3
{txt}The method values are:{res}{col 35}CC MI_LOGT MI_T

{txt}Data generating mechanism (dgm): {res}{col 35}dgm
{txt}The number of dgms is: {res}{col 35}1

Estimates are contained in the dataset

{txt}The estimates variable is:{res}{col 35}b
{txt}The se variable is:{res}{col 35}se
{txt}The df variable is:{res}{col 35}N/A
{txt}The ci variables are:{res}{col 35}N/A
{txt}The p variable is:{res}{col 35}N/A
{txt}The true-value variable is:{res}{col 35}N/A
{txt}_____________________________________________________

{com}. siman analyse
{txt}c:\ado\ian\siman\simsumv2.ado
{res}*! version 0.19 Ian White 8jan2020
Factors: 
{com}tabdisp  method  , by( perfmeascodeorder) c(b se) stubwidth(20)

{txt}{hline 21}{c TT}{hline 23}
performance measure  {c |}
and method           {c |}          b          se
{hline 21}{c +}{hline 23}
bsims                {c |}
                  CC {c |}       {res}1000            
             {txt}MI_LOGT {c |}       {res}1000            
                {txt}MI_T {c |}       {res}1000            
{txt}{hline 21}{c +}{hline 23}
sesims               {c |}
                  CC {c |}       {res}1000            
             {txt}MI_LOGT {c |}       {res}1000            
                {txt}MI_T {c |}       {res}1000            
{txt}{hline 21}{c +}{hline 23}
empse                {c |}
                  CC {c |}    {res}.151115    .0033807
             {txt}MI_LOGT {c |}   {res}.1320064    .0029532
                {txt}MI_T {c |}   {res}.1344277    .0030074
{txt}{hline 21}{c +}{hline 23}
relprec              {c |}
                  CC {c |}           {res}            
             {txt}MI_LOGT {c |}   {res}31.04635    3.937473
                {txt}MI_T {c |}   {res}26.36818     3.84238
{txt}{hline 21}{c +}{hline 23}
modelse              {c |}
                  CC {c |}   {res}.1470963    .0005274
             {txt}MI_LOGT {c |}   {res}.1349413    .0006046
                {txt}MI_T {c |}   {res}.1338346    .0005856
{txt}{hline 21}{c +}{hline 23}
relerror             {c |}
                  CC {c |}  {res}-2.659391    2.205482
             {txt}MI_LOGT {c |}   {res}2.223258    2.332338
                {txt}MI_T {c |}   {res}-.441223    2.269522
{txt}{hline 21}{c +}{hline 23}
power                {c |}
                  CC {c |}       {res}94.6    .7147308
             {txt}MI_LOGT {c |}       {res}96.9    .5480784
                {txt}MI_T {c |}       {res}96.3    .5969169
{txt}{hline 21}{c +}{hline 23}
mean                 {c |}
                  CC {c |}   {res}.5167662    .0047787
             {txt}MI_LOGT {c |}   {res}.5009231    .0041744
                {txt}MI_T {c |}   {res}.4988092     .004251
{txt}{hline 21}{c +}{hline 23}
ciwidth              {c |}
                  CC {c |}   {res}.5730629    .0020195
             {txt}MI_LOGT {c |}   {res}.5241634    .0022487
                {txt}MI_T {c |}   {res}.5201368    .0021658
{txt}{hline 21}{c BT}{hline 23}
{it: NOTE: Where there are 2 entries in the table, }
{it: the first entry is standard error and }
{it: the second entry is monte carlo error.}

{com}. 
. // 3 methods and 1 target: get table format 2 (preferable in my view)
. // but shouldn't be different from above
. use http://www.homepages.ucl.ac.uk/~rmjwiww/stata/misc/MIsim, clear
{txt}(simsum example: data from a simulation study comparing 3 ways to handle missing )

{com}. rename dataset myrep
{res}{txt}
{com}. gen target=1
{txt}
{com}. siman setup, rep(myrep) method(method) est(b) se(se) target(target)

{txt}{col 20}SUMMARY OF DATA
_____________________________________________________

The import format is:{res}{col 35}format 1: long-long
{txt}The import format for targets is:{res}{col 35}long
{txt}The import format for methods is:{res}{col 35}long
{txt}The number of targets is:{res}{col 35}1
{txt}The target values are:{res}{col 35}1

{txt}The number of methods is:{res}{col 35}3
{txt}The method values are:{res}{col 35}CC MI_LOGT MI_T

{txt}Data generating mechanism (dgm): {res}{col 35}not in dataset
{txt}The number of dgms is: {res}{col 35}N/A

Estimates are contained in the dataset

{txt}The estimates variable is:{res}{col 35}b
{txt}The se variable is:{res}{col 35}se
{txt}The df variable is:{res}{col 35}N/A
{txt}The ci variables are:{res}{col 35}N/A
{txt}The p variable is:{res}{col 35}N/A
{txt}The true-value variable is:{res}{col 35}N/A
{txt}_____________________________________________________

{com}. siman analyse
{txt}c:\ado\ian\siman\simsumv2.ado
{res}*! version 0.19 Ian White 8jan2020
Factors: target
{com}tabdisp target method  , by( perfmeascodeorder) c(b se) stubwidth(20)

{txt}{hline 21}{c TT}{hline 32}
performance measure  {c |}             method             
and target           {c |}        CC    MI_LOGT       MI_T
{hline 21}{c +}{hline 32}
bsims                {c |}
                   1 {c |}      {res}1000       1000       1000
                     {txt}{c |}          {res}                      
{txt}{hline 21}{c +}{hline 32}
sesims               {c |}
                   1 {c |}      {res}1000       1000       1000
                     {txt}{c |}          {res}                      
{txt}{hline 21}{c +}{hline 32}
empse                {c |}
                   1 {c |}   {res}.151115   .1320064   .1344277
                     {txt}{c |}  {res}.0033807   .0029532   .0030074
{txt}{hline 21}{c +}{hline 32}
relprec              {c |}
                   1 {c |}          {res}   31.04635   26.36818
                     {txt}{c |}          {res}   3.937473    3.84238
{txt}{hline 21}{c +}{hline 32}
modelse              {c |}
                   1 {c |}  {res}.1470963   .1349413   .1338346
                     {txt}{c |}  {res}.0005274   .0006046   .0005856
{txt}{hline 21}{c +}{hline 32}
relerror             {c |}
                   1 {c |} {res}-2.659391   2.223258   -.441223
                     {txt}{c |}  {res}2.205482   2.332338   2.269522
{txt}{hline 21}{c +}{hline 32}
power                {c |}
                   1 {c |}      {res}94.6       96.9       96.3
                     {txt}{c |}  {res}.7147308   .5480784   .5969169
{txt}{hline 21}{c +}{hline 32}
mean                 {c |}
                   1 {c |}  {res}.5167662   .5009231   .4988092
                     {txt}{c |}  {res}.0047787   .0041744    .004251
{txt}{hline 21}{c +}{hline 32}
ciwidth              {c |}
                   1 {c |}  {res}.5730629   .5241634   .5201368
                     {txt}{c |}  {res}.0020195   .0022487   .0021658
{txt}{hline 21}{c BT}{hline 32}
{it: NOTE: Where there are 2 entries in the table, }
{it: the first entry is standard error and }
{it: the second entry is monte carlo error.}

{com}. 
. // example of a good output when the default is poor
. use C:\ado\ian\siman\Ian\test3, clear
{txt}(artcat sim eval2 (1% sample) to test siman)

{com}. keep if !null
{txt}(7,000 observations deleted)

{com}. gen true = log(or)
{txt}
{com}. gen method = "ologit"
{txt}
{com}. siman setup, rep(rep) dgm(pc or) est(b) se(se) true(true) method(method)

{txt}{col 20}SUMMARY OF DATA
_____________________________________________________

The import format is:{res}{col 35}format 1: long-long
{txt}The import format for targets is:{res}{col 35}long
{txt}The import format for methods is:{res}{col 35}long
{txt}The number of targets is:{res}{col 35}N/A
{txt}The target values are:{res}{col 35}N/A

{txt}The number of methods is:{res}{col 35}1
{txt}The method values are:{res}{col 35}ologit

{txt}Data generating mechanism (dgm): {res}{col 35}pc or
{txt}The number of dgms is: {res}{col 35}3

Estimates are contained in the dataset

{txt}The estimates variable is:{res}{col 35}b
{txt}The se variable is:{res}{col 35}se
{txt}The df variable is:{res}{col 35}N/A
{txt}The ci variables are:{res}{col 35}N/A
{txt}The p variable is:{res}{col 35}N/A
{txt}The true-value variable is:{res}{col 35}true
{txt}_____________________________________________________

{com}. siman analyse, notable // default output is nasty
{txt}c:\ado\ian\siman\simsumv2.ado
{res}*! version 0.19 Ian White 8jan2020
siman analyse has run
{txt}
{com}. siman table, col(or) // nice output here, but it's given me column(or method) which is not what I asked for
Factors: pc or
tabdisp pc method or , by( perfmeascodeorder) c(b se) stubwidth(20)

{txt}{hline 21}{c TT}{hline 82}
                     {c |}                                   or and method                                  
performance measure  {c |} {hline 3} .2 {hline 2}   {hline 3} .3 {hline 2}   {hline 3} .4 {hline 2}   {hline 3} .5 {hline 2}   {hline 3} .6 {hline 2}   {hline 3} .7 {hline 2}   {hline 3} .8 {hline 2}
and pc               {c |}    ologit      ologit      ologit      ologit      ologit      ologit      ologit
{hline 21}{c +}{hline 82}
bsims                {c |}
                  .1 {c |}       {res}993         999        1000        1000        1000        1000        1000
                     {txt}{c |}          {res}                                                                        
                     {txt}{c |} 
                  .2 {c |}       {res}995        1000        1000        1000        1000        1000        1000
                     {txt}{c |}          {res}                                                                        
                     {txt}{c |} 
                  .4 {c |}       {res}995        1000        1000        1000        1000        1000        1000
                     {txt}{c |}          {res}                                                                        
{txt}{hline 21}{c +}{hline 82}
sesims               {c |}
                  .1 {c |}       {res}993         999        1000        1000        1000        1000        1000
                     {txt}{c |}          {res}                                                                        
                     {txt}{c |} 
                  .2 {c |}       {res}995        1000        1000        1000        1000        1000        1000
                     {txt}{c |}          {res}                                                                        
                     {txt}{c |} 
                  .4 {c |}       {res}995        1000        1000        1000        1000        1000        1000
                     {txt}{c |}          {res}                                                                        
{txt}{hline 21}{c +}{hline 82}
bias                 {c |}
                  .1 {c |} {res}-.0654008   -.0445475    -.008279   -.0198891   -.0078131    .0007048    .0032903
                     {txt}{c |}  {res}.0183578    .0133883    .0094724    .0069484    .0051396    .0035629    .0022376
                     {txt}{c |} 
                  .2 {c |} {res}-.1034669   -.0375558   -.0089047   -.0086417    .0034838   -.0030918   -.0028517
                     {txt}{c |}  {res}.0183604    .0130925    .0095615    .0068961    .0052112    .0035498    .0021236
                     {txt}{c |} 
                  .4 {c |} {res}-.0891125     .002832   -.0066728   -.0071322    .0004767   -.0064234   -.0026079
                     {txt}{c |}  {res}.0181145     .011979    .0092299    .0069747    .0049173    .0035447    .0021737
{txt}{hline 21}{c +}{hline 82}
empse                {c |}
                  .1 {c |}  {res}.5784907    .4231645     .299543    .2197274     .162528    .1126701    .0707584
                     {txt}{c |}  {res}.0129875    .0094717    .0067013    .0049157    .0036361    .0025206     .001583
                     {txt}{c |} 
                  .2 {c |}  {res}.5791522    .4140217    .3023621    .2180724    .1647923    .1122551    .0671528
                     {txt}{c |}  {res}.0129893    .0092624    .0067644    .0048787    .0036867    .0025114    .0015023
                     {txt}{c |} 
                  .4 {c |}  {res}.5713974     .378809    .2918766    .2205596    .1554994    .1120934    .0687378
                     {txt}{c |}  {res}.0128153    .0084747    .0065298    .0049343    .0034788    .0025077    .0015378
{txt}{hline 21}{c +}{hline 82}
relprec              {c |}
                  .1 {c |}          {res}                                                                        
                     {txt}{c |}          {res}                                                                        
                     {txt}{c |} 
                  .2 {c |}          {res}                                                                        
                     {txt}{c |}          {res}                                                                        
                     {txt}{c |} 
                  .4 {c |}          {res}                                                                        
                     {txt}{c |}          {res}                                                                        
{txt}{hline 21}{c +}{hline 82}
mse                  {c |}
                  .1 {c |}  {res}.3385918    .1808734    .0897048    .0486274      .02645    .0126824    .0050126
                     {txt}{c |}   {res}.016473    .0099004    .0042449    .0024347    .0012137    .0005692    .0002191
                     {txt}{c |} 
                  .2 {c |}  {res}.3457856     .172653    .0914107    .0475827    .0271415    .0125982    .0045131
                     {txt}{c |}  {res}.0178755    .0086203    .0041314    .0020879    .0011787    .0005751    .0002232
                     {txt}{c |} 
                  .4 {c |}  {res}.3341079    .1433608    .0851513    .0486488    .0241561    .0125936     .004727
                     {txt}{c |}  {res}.0177291    .0070996    .0036032    .0020204    .0011481     .000614    .0002104
{txt}{hline 21}{c +}{hline 82}
modelse              {c |}
                  .1 {c |}  {res}.6007314    .4106469    .2966619    .2194079    .1596069    .1106642    .0690273
                     {txt}{c |}  {res}.0049348    .0022459    .0007808    .0004052     .000183    .0000849    .0000311
                     {txt}{c |} 
                  .2 {c |}   {res}.595068    .4031573    .2945473    .2180043     .159165    .1105409    .0689888
                     {txt}{c |}  {res}.0049808     .001759     .000701    .0003122    .0001548     .000066    .0000251
                     {txt}{c |} 
                  .4 {c |}  {res}.5579498    .3864532    .2885255    .2162951    .1584235    .1104222    .0689141
                     {txt}{c |}  {res}.0036402    .0008811    .0003618    .0001712    .0000748    .0000302    9.93e-06
{txt}{hline 21}{c +}{hline 82}
relerror             {c |}
                  .1 {c |}  {res}3.844597    -2.95808    -.961835    -.145392   -1.797293   -1.780407   -2.446532
                     {txt}{c |}  {res}2.482541    2.235996    2.230948    2.241533    2.199862    2.198648    2.182897
                     {txt}{c |} 
                  .2 {c |}  {res}2.748112   -2.624108   -2.584572   -.0312274   -3.414768   -1.527031    2.734054
                     {txt}{c |}  {res}2.459689    2.219522    2.191662    2.241067    2.162834    2.203808    2.298656
                     {txt}{c |} 
                  .4 {c |} {res}-2.353455    2.017966   -1.148119   -1.933486    1.880428   -1.490856    .2564864
                     {txt}{c |}  {res}2.280801    2.294154    2.214972    2.195304    2.279763    2.203999    2.242971
{txt}{hline 21}{c +}{hline 82}
cover                {c |}
                  .1 {c |}  {res}96.57603     96.1962        95.2        95.3        94.3        94.2        94.8
                     {txt}{c |}   {res}.577065    .6052088    .6759884    .6692606    .7331505    .7391618    .7021109
                     {txt}{c |} 
                  .2 {c |}  {res}97.98995        95.6        95.3          95        95.1        94.7        95.1
                     {txt}{c |}  {res}.4449205    .6485677    .6692606    .6892024    .6826347    .7084563    .6826347
                     {txt}{c |} 
                  .4 {c |}  {res}96.98492        96.2        95.3        95.2        96.7        94.7        95.9
                     {txt}{c |}  {res}.5421128    .6046158    .6692606    .6759884    .5648985    .7084563    .6270486
{txt}{hline 21}{c +}{hline 82}
power                {c |}
                  .1 {c |}   {res}91.8429    90.89089        89.9        91.3          90        89.7        88.7
                     {txt}{c |}  {res}.8685923    .9103646     .952885    .8912405    .9486833    .9612025    1.001154
                     {txt}{c |} 
                  .2 {c |}  {res}92.66331        90.8        89.3        91.4          89        89.8        91.2
                     {txt}{c |}  {res}.8265941    .9139802    .9775018    .8865889    .9894443    .9570579    .8958573
                     {txt}{c |} 
                  .4 {c |}   {res}91.7588        90.5        89.7        89.7          90        90.7        90.7
                     {txt}{c |}  {res}.8717815     .927227    .9612025    .9612025    .9486833    .9184281    .9184281
{txt}{hline 21}{c +}{hline 82}
mean                 {c |}
                  .1 {c |} {res}-1.674839    -1.24852   -.9245697   -.7130362   -.5186387   -.3559701   -.2198532
                     {txt}{c |}  {res}.0183578    .0133883    .0094724    .0069484    .0051396    .0035629    .0022376
                     {txt}{c |} 
                  .2 {c |} {res}-1.712905   -1.241529   -.9251954   -.7017888   -.5073418   -.3597667   -.2259953
                     {txt}{c |}  {res}.0183604    .0130925    .0095615    .0068961    .0052112    .0035498    .0021236
                     {txt}{c |} 
                  .4 {c |}  {res}-1.69855   -1.201141   -.9229635   -.7002794   -.5103489   -.3630983   -.2257514
                     {txt}{c |}  {res}.0181145     .011979    .0092299    .0069747    .0049173    .0035447    .0021737
{txt}{hline 21}{c +}{hline 82}
rmse                 {c |}
                  .1 {c |}  {res}.5818864    .4252921    .2995077    .2205162    .1626345     .112616    .0707995
                     {txt}{c |}  {res}.0243257    .0273684    .0236604    .0250346    .0229441    .0224422    .0218532
                     {txt}{c |} 
                  .2 {c |}  {res}.5880354    .4155153     .302342    .2181346    .1647467    .1122415    .0671798
                     {txt}{c |}  {res}.0258476    .0249642    .0225978    .0219401    .0217146    .0228238     .024732
                     {txt}{c |} 
                  .4 {c |}  {res}.5780207    .3786302    .2918069    .2205646    .1554224    .1122213    .0687529
                     {txt}{c |}   {res}.026532    .0247614    .0211574    .0207649    .0237645    .0243777    .0222571
{txt}{hline 21}{c +}{hline 82}
ciwidth              {c |}
                  .1 {c |}   {res}2.29567    1.592418    1.159142    .8586638    .6252428    .4336682    .2705545
                     {txt}{c |}  {res}.0166528    .0074478     .002953    .0015517     .000712    .0003324     .000122
                     {txt}{c |} 
                  .2 {c |}  {res}2.274517      1.5681    1.151518    .8537059    .6236236    .4332354    .2704134
                     {txt}{c |}  {res}.0164111    .0062128    .0026691    .0012094    .0006036    .0002585    .0000981
                     {txt}{c |} 
                  .4 {c |}  {res}2.155449    1.511234    1.130132    .8475999    .6209401     .432831    .2701355
                     {txt}{c |}  {res}.0117634     .003318    .0014011    .0006659    .0002919    .0001184    .0000389
{txt}{hline 21}{c BT}{hline 82}
{it: NOTE: Where there are 2 entries in the table, }
{it: the first entry is standard error and }
{it: the second entry is monte carlo error.}

{com}. 
{txt}end of do-file
      name:  {res}<unnamed>
       {txt}log:  {res}C:\ado\ian\siman\Ian\siman_table_problems.smcl
  {txt}log type:  {res}smcl
 {txt}closed on:  {res}28 Feb 2022, 19:06:17
{txt}{.-}
{smcl}
{txt}{sf}{ul off}